Archive member included to satisfy reference by file (symbol)

/usr/bin/../lib/gcc/arm-none-eabi/7.3.1/thumb/v7-m/libgcc.a(_aeabi_ldivmod.o)
                              rtos.o (__aeabi_ldivmod)
/usr/bin/../lib/gcc/arm-none-eabi/7.3.1/thumb/v7-m/libgcc.a(_aeabi_uldivmod.o)
                              rtos.o (__aeabi_uldivmod)
/usr/bin/../lib/gcc/arm-none-eabi/7.3.1/thumb/v7-m/libgcc.a(_udivmoddi4.o)
                              /usr/bin/../lib/gcc/arm-none-eabi/7.3.1/thumb/v7-m/libgcc.a(_aeabi_ldivmod.o) (__udivmoddi4)
/usr/bin/../lib/gcc/arm-none-eabi/7.3.1/thumb/v7-m/libgcc.a(_dvmd_tls.o)
                              /usr/bin/../lib/gcc/arm-none-eabi/7.3.1/thumb/v7-m/libgcc.a(_aeabi_ldivmod.o) (__aeabi_ldiv0)
/usr/bin/../lib/gcc/arm-none-eabi/7.3.1/../../../../arm-none-eabi/lib/thumb/v7-m/libc.a(lib_a-memset.o)
                              main.o (memset)

Allocating common symbols
Common symbol       size              file

__dso_handle        0x4               bmptk_cortex.o

Discarded input sections

 .group         0x0000000000000000        0xc shootcontrol.o
 .text          0x0000000000000000        0x0 shootcontrol.o
 .data          0x0000000000000000        0x0 shootcontrol.o
 .bss           0x0000000000000000        0x0 shootcontrol.o
 .text._ZN3due11ad_pin_infoENS_7ad_pinsE
                0x0000000000000000       0x1c shootcontrol.o
 .text._ZN3due11ad_seq_infoEm
                0x0000000000000000       0x20 shootcontrol.o
 .text._ZN5hwlib19uart_char_availableEv
                0x0000000000000000        0x4 shootcontrol.o
 .text._ZN5hwlib9uart_getcEv
                0x0000000000000000        0x4 shootcontrol.o
 .text._ZN12ShootControl13createmessageEtt
                0x0000000000000000       0x10 shootcontrol.o
 .rodata._ZZN3due11ad_pin_infoENS_7ad_pinsEE17ad_pin_info_array
                0x0000000000000000        0xc shootcontrol.o
 .rodata._ZZN3due11ad_seq_infoEmE12ad_seq_array
                0x0000000000000000       0x70 shootcontrol.o
 .data          0x0000000000000000        0x0 switch_to.o
 .bss           0x0000000000000000        0x0 switch_to.o
 .group         0x0000000000000000        0xc coroutine.o
 .text          0x0000000000000000        0x0 coroutine.o
 .data          0x0000000000000000        0x0 coroutine.o
 .bss           0x0000000000000000        0x0 coroutine.o
 .text._ZN6sam3xa10SystemInitEv
                0x0000000000000000       0x7c coroutine.o
 .text._ZN3due8pin_infoENS_4pinsE
                0x0000000000000000       0x20 coroutine.o
 .text._ZN3due11ad_pin_infoENS_7ad_pinsE
                0x0000000000000000       0x1c coroutine.o
 .text._ZN3due11ad_seq_infoEm
                0x0000000000000000       0x20 coroutine.o
 .text._ZN3due14port_registersEm
                0x0000000000000000       0x54 coroutine.o
 .text._ZN3due12ticks_per_usEv
                0x0000000000000000        0x6 coroutine.o
 .text._ZN3due9now_ticksEv
                0x0000000000000000       0x80 coroutine.o
 .text._ZN5hwlib9uart_putcEc
                0x0000000000000000        0x4 coroutine.o
 .text._ZN5hwlib19uart_char_availableEv
                0x0000000000000000        0x4 coroutine.o
 .text._ZN5hwlib9uart_getcEv
                0x0000000000000000        0x4 coroutine.o
 .bss._ZZN3due9now_ticksEvE4high
                0x0000000000000000        0x8 coroutine.o
 .bss._ZZN3due9now_ticksEvE8last_low
                0x0000000000000000        0x4 coroutine.o
 .bss._ZZN3due9now_ticksEvE9init_done
                0x0000000000000000        0x1 coroutine.o
 .data._ZN6sam3xa15SystemCoreClockE
                0x0000000000000000        0x4 coroutine.o
 .rodata._ZN3due8pin_infoENS_4pinsE.str1.1
                0x0000000000000000       0x33 coroutine.o
 .rodata._ZZN3due11ad_pin_infoENS_7ad_pinsEE17ad_pin_info_array
                0x0000000000000000        0xc coroutine.o
 .rodata._ZZN3due11ad_seq_infoEmE12ad_seq_array
                0x0000000000000000       0x70 coroutine.o
 .rodata._ZZN3due8pin_infoENS_4pinsEE14pin_info_array
                0x0000000000000000       0xa4 coroutine.o
 .group         0x0000000000000000        0x8 rtos.o
 .group         0x0000000000000000        0x8 rtos.o
 .group         0x0000000000000000        0xc rtos.o
 .group         0x0000000000000000        0xc rtos.o
 .group         0x0000000000000000        0xc rtos.o
 .group         0x0000000000000000        0xc rtos.o
 .group         0x0000000000000000        0xc rtos.o
 .group         0x0000000000000000        0xc rtos.o
 .group         0x0000000000000000        0xc rtos.o
 .group         0x0000000000000000        0xc rtos.o
 .group         0x0000000000000000        0xc rtos.o
 .group         0x0000000000000000        0xc rtos.o
 .group         0x0000000000000000        0xc rtos.o
 .group         0x0000000000000000        0xc rtos.o
 .text          0x0000000000000000        0x0 rtos.o
 .data          0x0000000000000000        0x0 rtos.o
 .bss           0x0000000000000000        0x0 rtos.o
 .text._ZN6sam3xa10SystemInitEv
[...]
Memory Configuration

Name             Origin             Length             Attributes
rom              0x0000000000000000 0x0000000000080000 xr
ram              0x0000000020000000 0x0000000000018000 xrw
nul              0x0000000020018000 0x0000000000000000 xrw
*default*        0x0000000000000000 0xffffffffffffffff

Linker script and memory map

LOAD /usr/bin/../lib/gcc/arm-none-eabi/7.3.1/thumb/v7-m/libgcc.a
LOAD shootcontrol.o
LOAD switch_to.o
LOAD coroutine.o
LOAD rtos.o
LOAD hwlib.o
LOAD main.o
LOAD bmptk_cortex.o
LOAD bmptk_heap_bmptk.o
LOAD bmptk_fixed_size_stack.o
LOAD /usr/bin/../lib/gcc/arm-none-eabi/7.3.1/../../../../arm-none-eabi/lib/thumb/v7-m/libm.a
LOAD /usr/bin/../lib/gcc/arm-none-eabi/7.3.1/thumb/v7-m/libgcc.a
LOAD /usr/bin/../lib/gcc/arm-none-eabi/7.3.1/../../../../arm-none-eabi/lib/thumb/v7-m/libc.a
                0x0000000000000000                __rom_start = ORIGIN (rom)
                0x0000000000080000                __rom_size = LENGTH (rom)
                0x0000000000080000                __rom_end = (__rom_start + __rom_size)
                0x0000000020000000                __ram_start = ORIGIN (ram)
                0x0000000000018000                __ram_size = LENGTH (ram)
                0x0000000020018000                __ram_end = (__ram_start + __ram_size)
                [!provide]                        PROVIDE (__rom_start = __rom_start)
                [!provide]                        PROVIDE (__rom_size = __rom_size)
                [!provide]                        PROVIDE (__rom_end = __rom_end)
                [!provide]                        PROVIDE (__ram_start = __ram_start)
                [!provide]                        PROVIDE (__ram_size = __ram_size)
                [!provide]                        PROVIDE (__ram_end = __ram_end)

.text           0x0000000000000000     0x4ddc
                0x0000000000000000                . = ALIGN (0x4)
                0x0000000000000000                __text_start = .
                [!provide]                        PROVIDE (__text_start = __text_start)
                0x0000000000000000                . = ALIGN (0x4)
 *(.vectors)
 .vectors       0x0000000000000000       0x20 bmptk_cortex.o
                0x0000000000000000                __vectors
                0x0000000000000020                . = ALIGN (0x4)
 *(.text .text.* .gnu.linkonce.t.*)
 .text.startup._ZN12ShootControl4mainEv
                0x0000000000000020       0xe4 shootcontrol.o
                0x0000000000000020                ShootControl::main()
 .text._ZN6sam3xa10SystemInitEv
                0x0000000000000104       0x7c shootcontrol.o
                0x0000000000000104                sam3xa::SystemInit()
 .text._ZN3due8pin_infoENS_4pinsE
                0x0000000000000180       0x20 shootcontrol.o
                0x0000000000000180                due::pin_info(due::pins)
 .text._ZN3due14port_registersEm
                0x00000000000001a0       0x54 shootcontrol.o
                0x00000000000001a0                due::port_registers(unsigned long)
 .text._ZN3due12ticks_per_usEv
                0x00000000000001f4        0x6 shootcontrol.o
                0x00000000000001f4                due::ticks_per_us()
 *fill*         0x00000000000001fa        0x2 
 .text._ZN3due9now_ticksEv
                0x00000000000001fc       0x80 shootcontrol.o
                0x00000000000001fc                due::now_ticks()
 .text._ZN5hwlib9uart_putcEc
                0x000000000000027c        0x4 shootcontrol.o
                0x000000000000027c                hwlib::uart_putc(char)
 .text._ZN12ShootControl14SignalGameOverEv
                0x0000000000000280        0x8 shootcontrol.o
                0x0000000000000280                ShootControl::SignalGameOver()
 .text._ZN12ShootControl5BeginEv
                0x0000000000000288        0xa shootcontrol.o
                0x0000000000000288                ShootControl::Begin()
 *fill*         0x0000000000000292        0x2 
 .text          0x0000000000000294       0x24 switch_to.o
                0x0000000000000294                switch_from_to
 .text._ZN4rtos8callback6cancelEv
                0x00000000000002b8        0xa rtos.o
                0x00000000000002b8                rtos::callback::cancel()
 .text._ZN5hwlib7ostream7reverse10add_prefixERKS0_.part.2
                0x00000000000002c2       0x4c rtos.o
 .text._ZN5hwlib7ostreamlsEc
                0x000000000000030e        0xe rtos.o
                0x000000000000030e                hwlib::ostream::operator<<(char)
 .text._ZN5hwliblsERNS_7ostreamEPKc
                0x000000000000031c       0x66 rtos.o
                0x000000000000031c                hwlib::operator<<(hwlib::ostream&, char const*)
 .text._ZN5hwliblsERNS_7ostreamEi
                0x0000000000000382       0x92 rtos.o
                0x0000000000000382                hwlib::operator<<(hwlib::ostream&, int)
 .text._ZN5hwliblsERNS_7ostreamEx
                0x0000000000000414       0xc4 rtos.o
                0x0000000000000414                hwlib::operator<<(hwlib::ostream&, long long)
 .text._ZN5hwliblsERNS_7ostreamEj
                0x00000000000004d8        0xc rtos.o
                0x00000000000004d8                hwlib::operator<<(hwlib::ostream&, unsigned int)
 .text._Z6strlenPKc
                0x00000000000004e4       0x10 rtos.o
                0x00000000000004e4                strlen(char const*)
 .text._Z6strcpyPcPKc
                0x00000000000004f4       0x14 rtos.o
                0x00000000000004f4                strcpy(char*, char const*)
 .text._Z15string_allocatePKc
                0x0000000000000508       0x26 rtos.o
                0x0000000000000508                string_allocate(char const*)
 .text._Z12nr_from_maskj
                0x000000000000052e       0x1a rtos.o
                0x000000000000052e                nr_from_mask(unsigned int)
 .text._Z15task_trampolinev
                0x0000000000000548       0x34 rtos.o
                0x0000000000000548                task_trampoline()
 .text._ZN4rtos9task_base7releaseEv
                0x000000000000057c       0x24 rtos.o
                0x000000000000057c                rtos::task_base::release()
 .text._ZN4rtos9task_base7suspendEv
                0x00000000000005a0        0x8 rtos.o
                0x00000000000005a0                rtos::task_base::suspend()
 .text._ZN4rtos9task_base6resumeEv
                0x00000000000005a8        0x8 rtos.o
                0x00000000000005a8                rtos::task_base::resume()
 .text._ZN4rtos9task_base7unblockEv
                0x00000000000005b0       0x14 rtos.o
                0x00000000000005b0                rtos::task_base::unblock()
 .text._ZN4rtos9task_base5blockEv
                0x00000000000005c4       0x70 rtos.o
                0x00000000000005c4                rtos::task_base::block()
 .text._ZNK4rtos9task_base5printERN5hwlib7ostreamEb
                0x0000000000000634      0x154 rtos.o
                0x0000000000000634                rtos::task_base::print(hwlib::ostream&, bool) const
 .text._ZNK4rtos5eventeqERKS0_
                0x0000000000000788       0x3c rtos.o
                0x0000000000000788                rtos::event::operator==(rtos::event const&) const
 .text._ZNK4rtos5eventeqERKNS_8waitableE
                0x00000000000007c4       0x1c rtos.o
                0x00000000000007c4                rtos::event::operator==(rtos::waitable const&) const
 .text._ZNK4rtos5eventplERKS0_
                0x00000000000007e0       0x3c rtos.o
                0x00000000000007e0                rtos::event::operator+(rtos::event const&) const
 .text._ZNK4rtos4flag5printERN5hwlib7ostreamEb
                0x000000000000081c       0xcc rtos.o
                0x000000000000081c                rtos::flag::print(hwlib::ostream&, bool) const
 .text._ZN4rtos5timer3setEm
                0x00000000000008e8        0xe rtos.o
                0x00000000000008e8                rtos::timer::set(unsigned long)
 *fill*         0x00000000000008f6        0x2 
 .text._ZNK4rtos5timer5printERN5hwlib7ostreamEb
                0x00000000000008f8       0xd0 rtos.o
                0x00000000000008f8                rtos::timer::print(hwlib::ostream&, bool) const
 .text._ZNK4rtos5clock5printERN5hwlib7ostreamEb
                0x00000000000009c8       0xd4 rtos.o
                0x00000000000009c8                rtos::clock::print(hwlib::ostream&, bool) const
 .text._ZN4rtos12waitable_set17waitable_allocateEv
                0x0000000000000a9c       0x38 rtos.o
                0x0000000000000a9c                rtos::waitable_set::waitable_allocate()
 .text._ZN4rtos8waitableC2EPNS_9task_baseEPKc
                0x0000000000000ad4       0x2c rtos.o
                0x0000000000000ad4                rtos::waitable::waitable(rtos::task_base*, char const*)
                0x0000000000000ad4                rtos::waitable::waitable(rtos::task_base*, char const*)
 .text._ZN4rtos12waitable_set3setERKNS_8waitableE
                0x0000000000000b00       0x14 rtos.o
                0x0000000000000b00                rtos::waitable_set::set(rtos::waitable const&)
 .text._ZN4rtos5clock7time_upEv
                0x0000000000000b14       0x38 rtos.o
                0x0000000000000b14                rtos::clock::time_up()
 .text._ZThn16_N4rtos5clock7time_upEv
                0x0000000000000b4c        0x8 rtos.o
                0x0000000000000b4c                non-virtual thunk to rtos::clock::time_up()
 .text._ZN4rtos5timer7time_upEv
                0x0000000000000b54       0x10 rtos.o
                0x0000000000000b54                rtos::timer::time_up()
                0x0000000000000b5e                non-virtual thunk to rtos::timer::time_up()
 .text._ZN4rtos4flag3setEv
                0x0000000000000b64       0x10 rtos.o
                0x0000000000000b64                rtos::flag::set()
 .text._ZN4rtos12waitable_set5clearERKNS_8waitableE
                0x0000000000000b74        0xc rtos.o
                0x0000000000000b74                rtos::waitable_set::clear(rtos::waitable const&)
 .text._ZN4rtos8waitable5clearEv
                0x0000000000000b80        0xa rtos.o
                0x0000000000000b80                rtos::waitable::clear()
 .text._ZN4rtos5timer6cancelEv
                0x0000000000000b8a       0x16 rtos.o
                0x0000000000000b8a                rtos::timer::cancel()
 .text._ZThn16_N4rtos5timer6cancelEv
                0x0000000000000ba0        0x8 rtos.o
                0x0000000000000ba0                non-virtual thunk to rtos::timer::cancel()
 .text._ZN4rtos5clock5clearEv
                0x0000000000000ba8        0x8 rtos.o
                0x0000000000000ba8                rtos::clock::clear()
 .text._ZN4rtos12waitable_set4waitEj
                0x0000000000000bb0       0x64 rtos.o
                0x0000000000000bb0                rtos::waitable_set::wait(unsigned int)
 .text._ZNK4rtos5mutex5printERN5hwlib7ostreamEb
                0x0000000000000c14       0xec rtos.o
                0x0000000000000c14                rtos::mutex::print(hwlib::ostream&, bool) const
 .text._ZNK4rtos12channel_base5printERN5hwlib7ostreamEb
                0x0000000000000d00       0xe0 rtos.o
                0x0000000000000d00                rtos::channel_base::print(hwlib::ostream&, bool) const
 .text._ZNK4rtos9pool_base5printERN5hwlib7ostreamEb
                0x0000000000000de0       0x78 rtos.o
                0x0000000000000de0                rtos::pool_base::print(hwlib::ostream&, bool) const
 .text._ZNK4rtos12mailbox_base5printERN5hwlib7ostreamEb
                0x0000000000000e58       0xc4 rtos.o
                0x0000000000000e58                rtos::mailbox_base::print(hwlib::ostream&, bool) const
 .text._ZN4rtos3addEPNS_4flagE
                0x0000000000000f1c       0x10 rtos.o
                0x0000000000000f1c                rtos::add(rtos::flag*)
 .text._ZN4rtos4flagC2EPNS_9task_baseEPKc
                0x0000000000000f2c       0x20 rtos.o
                0x0000000000000f2c                rtos::flag::flag(rtos::task_base*, char const*)
                0x0000000000000f2c                rtos::flag::flag(rtos::task_base*, char const*)
 .text._ZN4rtos3addEPNS_5timerE
                0x0000000000000f4c       0x10 rtos.o
                0x0000000000000f4c                rtos::add(rtos::timer*)
 .text._ZN4rtos3addEPNS_5clockE
                0x0000000000000f5c       0x10 rtos.o
                0x0000000000000f5c                rtos::add(rtos::clock*)
 .text._ZN4rtos3addEPNS_12channel_baseE
                0x0000000000000f6c       0x10 rtos.o
                0x0000000000000f6c                rtos::add(rtos::channel_base*)
 .text._ZN4rtos12channel_baseC2EPNS_9task_baseEPKc
                0x0000000000000f7c       0x30 rtos.o
                0x0000000000000f7c                rtos::channel_base::channel_base(rtos::task_base*, char const*)
                0x0000000000000f7c                rtos::channel_base::channel_base(rtos::task_base*, char const*)
 .text._ZN4rtos5printERN5hwlib7ostreamE
                0x0000000000000fac      0x1b4 rtos.o
                0x0000000000000fac                rtos::print(hwlib::ostream&)
 .text._ZN4rtos4beatEv
                0x0000000000001160      0x148 rtos.o
                0x0000000000001160                rtos::beat()
 .text._ZN4rtos3runEv
                0x00000000000012a8       0x20 rtos.o
                0x00000000000012a8                rtos::run()
 .text._ZN4rtos3addEPNS_8callbackE
                0x00000000000012c8       0x10 rtos.o
                0x00000000000012c8                rtos::add(rtos::callback*)
 .text._ZN4rtos8callbackC2EPKc
                0x00000000000012d8       0x28 rtos.o
                0x00000000000012d8                rtos::callback::callback(char const*)
                0x00000000000012d8                rtos::callback::callback(char const*)
 .text._ZN4rtos5timerC2EPNS_9task_baseEPKc
                0x0000000000001300       0x34 rtos.o
                0x0000000000001300                rtos::timer::timer(rtos::task_base*, char const*)
                0x0000000000001300                rtos::timer::timer(rtos::task_base*, char const*)
 .text._ZN4rtos5clockC2EPNS_9task_baseEmPKc
                0x0000000000001334       0x3c rtos.o
                0x0000000000001334                rtos::clock::clock(rtos::task_base*, unsigned long, char const*)
                0x0000000000001334                rtos::clock::clock(rtos::task_base*, unsigned long, char const*)
 .text._ZN4rtos3addEPNS_9task_baseE
                0x0000000000001370       0x74 rtos.o
                0x0000000000001370                rtos::add(rtos::task_base*)
 .text._ZN4rtos9task_baseC2ER9coroutineILl0EEjPKc
                0x00000000000013e4       0x4c rtos.o
                0x00000000000013e4                rtos::task_base::task_base(coroutine<0l>&, unsigned int, char const*)
                0x00000000000013e4                rtos::task_base::task_base(coroutine<0l>&, unsigned int, char const*)
 .text._ZN5hwlib7wait_usEi
                0x0000000000001430       0x3c rtos.o
                0x0000000000001430                hwlib::wait_us(int)
 .text._ZN5hwlib7wait_msEi
                0x000000000000146c       0x16 rtos.o
                0x000000000000146c                hwlib::wait_ms(int)
 .text._ZN5hwlib14pin_in_dummy_t4readEv
                0x0000000000001482        0x4 hwlib.o
                0x0000000000001482                hwlib::pin_in_dummy_t::read()
 .text._ZN5hwlib14pin_in_dummy_t7refreshEv
                0x0000000000001486        0x2 hwlib.o
                0x0000000000001486                hwlib::pin_in_dummy_t::refresh()
 .text._ZN5hwlib14pin_oc_dummy_t5writeEb
                0x0000000000001488        0x2 hwlib.o
                0x0000000000001488                hwlib::pin_oc_dummy_t::write(bool)
 .text._ZN5hwlib14pin_oc_dummy_t4readEv
                0x000000000000148a        0x4 hwlib.o
                0x000000000000148a                hwlib::pin_oc_dummy_t::read()
 .text._ZN5hwlib14pin_oc_dummy_t5flushEv
                0x000000000000148e        0x2 hwlib.o
                0x000000000000148e                hwlib::pin_oc_dummy_t::flush()
 .text._ZN5hwlib14pin_oc_dummy_t7refreshEv
                0x0000000000001490        0x2 hwlib.o
                0x0000000000001490                hwlib::pin_oc_dummy_t::refresh()
 .text._ZN5hwlib19port_in_from_pins_t14number_of_pinsEv
                0x0000000000001492        0x4 hwlib.o
                0x0000000000001492                hwlib::port_in_from_pins_t::number_of_pins()
 .text._ZN5hwlib19port_in_from_pins_t4readEv
                0x0000000000001496       0x2a hwlib.o
                0x0000000000001496                hwlib::port_in_from_pins_t::read()
 .text._ZN5hwlib19port_in_from_pins_t7refreshEv
                0x00000000000014c0       0x20 hwlib.o
                0x00000000000014c0                hwlib::port_in_from_pins_t::refresh()
 .text._ZN5hwlib19port_oc_from_pins_t14number_of_pinsEv
                0x00000000000014e0        0x4 hwlib.o
                0x00000000000014e0                hwlib::port_oc_from_pins_t::number_of_pins()
 .text._ZN5hwlib19port_oc_from_pins_t4readEv
                0x00000000000014e4       0x2a hwlib.o
                0x00000000000014e4                hwlib::port_oc_from_pins_t::read()
 .text._ZN5hwlib19port_oc_from_pins_t5writeEj
                0x000000000000150e       0x28 hwlib.o
                0x000000000000150e                hwlib::port_oc_from_pins_t::write(unsigned int)
 .text._ZN5hwlib19port_oc_from_pins_t7refreshEv
                0x0000000000001536       0x20 hwlib.o
                0x0000000000001536                hwlib::port_oc_from_pins_t::refresh()
 .text._ZN5hwlib19port_oc_from_pins_t5flushEv
                0x0000000000001556       0x20 hwlib.o
                0x0000000000001556                hwlib::port_oc_from_pins_t::flush()
 .text._ZN5hwlib21port_direct_from_in_t14number_of_pinsEv
                0x0000000000001576        0x8 hwlib.o
                0x0000000000001576                hwlib::port_direct_from_in_t::number_of_pins()
 .text._ZN5hwlib21port_direct_from_in_t4readEv
                0x000000000000157e       0x18 hwlib.o
                0x000000000000157e                hwlib::port_direct_from_in_t::read()
 .text._ZN5hwlib21port_direct_from_in_t7refreshEv
                0x0000000000001596        0x2 hwlib.o
                0x0000000000001596                hwlib::port_direct_from_in_t::refresh()
 .text._ZN5hwlib21port_direct_from_oc_t14number_of_pinsEv
                0x0000000000001598        0x8 hwlib.o
                0x0000000000001598                hwlib::port_direct_from_oc_t::number_of_pins()
 .text._ZN5hwlib21port_direct_from_oc_t5writeEj
                0x00000000000015a0       0x18 hwlib.o
                0x00000000000015a0                hwlib::port_direct_from_oc_t::write(unsigned int)
 .text._ZN5hwlib21port_direct_from_oc_t4readEv
                0x00000000000015b8       0x18 hwlib.o
                0x00000000000015b8                hwlib::port_direct_from_oc_t::read()
 .text._ZN5hwlib21port_direct_from_oc_t5flushEv
                0x00000000000015d0        0x2 hwlib.o
                0x00000000000015d0                hwlib::port_direct_from_oc_t::flush()
 .text._ZN5hwlib21port_direct_from_oc_t7refreshEv
                0x00000000000015d2        0x2 hwlib.o
                0x00000000000015d2                hwlib::port_direct_from_oc_t::refresh()
 .text._ZN5hwlib7istream11getc_nowaitEv
                0x00000000000015d4       0x1a hwlib.o
                0x00000000000015d4                hwlib::istream::getc_nowait()
 .text._ZN5hwlib20cout_using_uart_putc5flushEv
                0x00000000000015ee        0x2 hwlib.o
                0x00000000000015ee                hwlib::cout_using_uart_putc::flush()
 .text._ZNK5hwlib9image_8x819read_implementationENS_2xyE
                0x00000000000015f0       0x44 hwlib.o
                0x00000000000015f0                hwlib::image_8x8::read_implementation(hwlib::xy) const
 .text._ZN5hwlib6window20clear_implementationENS_5colorE
                0x0000000000001634       0x72 hwlib.o
                0x0000000000001634                hwlib::window::clear_implementation(hwlib::color)
 .text._ZN5hwlib6window5clearENS_5colorE
                0x00000000000016a6       0x56 hwlib.o
                0x00000000000016a6                hwlib::window::clear(hwlib::color)
 .text._ZN5hwlib5panicEPKcj
                0x00000000000016fc        0x2 hwlib.o
                0x00000000000016fc                hwlib::panic(char const*, unsigned int)
 *fill*         0x00000000000016fe        0x2 
 .text._ZN5hwlib10background18do_background_workEv
                0x0000000000001700       0x3c hwlib.o
                0x0000000000001700                hwlib::background::do_background_work()
 .text._ZN5hwlib3allENS_2xyE
                0x000000000000173c       0x16 hwlib.o
                0x000000000000173c                hwlib::all(hwlib::xy)
 .text._ZNK5hwlib5colorngEv
                0x0000000000001752       0x2e hwlib.o
                0x0000000000001752                hwlib::color::operator-() const
 .text._ZNK5hwlib5image4readENS_2xyE
                0x0000000000001780       0x3a hwlib.o
                0x0000000000001780                hwlib::image::read(hwlib::xy) const
 .text._ZNK5hwlib14image_invert_t19read_implementationENS_2xyE
                0x00000000000017ba       0x64 hwlib.o
                0x00000000000017ba                hwlib::image_invert_t::read_implementation(hwlib::xy) const
 *fill*         0x000000000000181e        0x2 
 .text._ZN5hwlib6invertERKNS_5imageE
                0x0000000000001820       0x18 hwlib.o
                0x0000000000001820                hwlib::invert(hwlib::image const&)
 .text._ZN3due9uart_initEv
                0x0000000000001838       0x60 hwlib.o
                0x0000000000001838                due::uart_init()
 .text._ZN3due9uart_putcEc
                0x0000000000001898       0x20 hwlib.o
                0x0000000000001898                due::uart_putc(char)
 .text._ZN5hwlib20cout_using_uart_putc4putcEc
                0x00000000000018b8        0xa hwlib.o
                0x00000000000018b8                hwlib::cout_using_uart_putc::putc(char)
 .text._ZN5hwlib6now_usEv
                0x00000000000018c2       0x1c hwlib.o
                0x00000000000018c2                hwlib::now_us()
 .text._ZN5hwlib12wait_us_busyEi
                0x00000000000018de       0x1c hwlib.o
                0x00000000000018de                hwlib::wait_us_busy(int)
 .text._ZN5hwlib8terminal10cursor_setENS_2xyE
                0x00000000000018fa       0x28 main.o
                0x00000000000018fa                hwlib::terminal::cursor_set(hwlib::xy)
 .text._ZN5hwlib14i2c_primitives8read_ackEv
                0x0000000000001922       0x10 main.o
                0x0000000000001922                hwlib::i2c_primitives::read_ack()
 .text._ZN5hwlib14i2c_primitives9write_ackEv
                0x0000000000001932        0x8 main.o
                0x0000000000001932                hwlib::i2c_primitives::write_ack()
 .text._ZN5hwlib14i2c_primitives10write_nackEv
                0x000000000000193a        0x8 main.o
                0x000000000000193a                hwlib::i2c_primitives::write_nack()
 .text._ZN5hwlib14i2c_primitives5writeEh
                0x0000000000001942       0x1c main.o
                0x0000000000001942                hwlib::i2c_primitives::write(unsigned char)
 .text._ZN5hwlib14i2c_primitives5writeEPKhj
                0x000000000000195e       0x24 main.o
                0x000000000000195e                hwlib::i2c_primitives::write(unsigned char const*, unsigned int)
 .text._ZN5hwlib14i2c_primitives9read_byteEv
                0x0000000000001982       0x20 main.o
                0x0000000000001982                hwlib::i2c_primitives::read_byte()
 .text._ZN5hwlib14i2c_primitives4readEbPhj
                0x00000000000019a2       0x36 main.o
                0x00000000000019a2                hwlib::i2c_primitives::read(bool, unsigned char*, unsigned int)
 .text._ZN5hwlib13terminal_from25cursor_set_implementationENS_2xyE
                0x00000000000019d8       0x28 main.o
                0x00000000000019d8                hwlib::terminal_from::cursor_set_implementation(hwlib::xy)
 .text._ZN5hwlib13terminal_from5clearEv
                0x0000000000001a00       0x30 main.o
                0x0000000000001a00                hwlib::terminal_from::clear()
 .text._ZN5hwlib13terminal_from5flushEv
                0x0000000000001a30        0x8 main.o
                0x0000000000001a30                hwlib::terminal_from::flush()
 .text._ZNK5hwlib16font_default_8x8ixEc
                0x0000000000001a38       0x14 main.o
                0x0000000000001a38                hwlib::font_default_8x8::operator[](char) const
 .text._ZN5hwlib29glcd_oled_i2c_128x64_buffered20write_implementationENS_2xyENS_5colorE
                0x0000000000001a4c       0x64 main.o
                0x0000000000001a4c                hwlib::glcd_oled_i2c_128x64_buffered::write_implementation(hwlib::xy, hwlib::color)
 .text._ZN3due6pin_in4readEv
                0x0000000000001ab0       0x10 main.o
                0x0000000000001ab0                due::pin_in::read()
 .text._ZN3due6pin_in7refreshEv
                0x0000000000001ac0        0x2 main.o
                0x0000000000001ac0                due::pin_in::refresh()
 .text._ZN3due6pin_oc4readEv
                0x0000000000001ac2       0x10 main.o
                0x0000000000001ac2                due::pin_oc::read()
 .text._ZN3due6pin_oc5writeEb
                0x0000000000001ad2       0x10 main.o
                0x0000000000001ad2                due::pin_oc::write(bool)
 .text._ZN3due6pin_oc5flushEv
                0x0000000000001ae2        0x2 main.o
                0x0000000000001ae2                due::pin_oc::flush()
 .text._ZN3due6pin_oc7refreshEv
                0x0000000000001ae4        0x2 main.o
                0x0000000000001ae4                due::pin_oc::refresh()
 *fill*         0x0000000000001ae6        0x2 
 .text._ZN5hwlib8d2_38kHz5writeEb
                0x0000000000001ae8       0x18 main.o
                0x0000000000001ae8                hwlib::d2_38kHz::write(bool)
 .text._ZN5hwlib8d2_38kHz5flushEv
                0x0000000000001b00        0x2 main.o
                0x0000000000001b00                hwlib::d2_38kHz::flush()
 .text._ZN5hwlib6keypadILi16EE4getcEv
                0x0000000000001b02       0x24 main.o
                0x0000000000001b02                hwlib::keypad<16>::getc()
 .text._ZN4rtos7channelItLi10EE5clearEv
                0x0000000000001b26       0x10 main.o
                0x0000000000001b26                rtos::channel<unsigned short, 10>::clear()
 .text._ZN4rtos7channelItLi4EE5clearEv
                0x0000000000001b36       0x10 main.o
                0x0000000000001b36                rtos::channel<unsigned short, 4>::clear()
 .text._ZN4rtos7channelIcLi16EE5clearEv
                0x0000000000001b46       0x10 main.o
                0x0000000000001b46                rtos::channel<char, 16>::clear()
 .text._ZN4rtos7channelItLi30EE5clearEv
                0x0000000000001b56       0x10 main.o
                0x0000000000001b56                rtos::channel<unsigned short, 30>::clear()
 .text._ZN4rtos7channelIiLi94EE5clearEv
                0x0000000000001b66       0x10 main.o
                0x0000000000001b66                rtos::channel<int, 94>::clear()
 .text._ZN4rtos7channelIcLi4EE5clearEv
                0x0000000000001b76       0x10 main.o
                0x0000000000001b76                rtos::channel<char, 4>::clear()
 .text._ZN5hwlib8terminal4putcEc
                0x0000000000001b86       0xde main.o
                0x0000000000001b86                hwlib::terminal::putc(char)
 .text._ZN5hwliblsERNS_7ostreamENS_6_flushE.isra.4
                0x0000000000001c64        0xe main.o
 .text._ZN5hwlib26i2c_bus_bit_banged_scl_sda16wait_half_periodEv.isra.9
                0x0000000000001c72        0x6 main.o
 .text._ZN5hwlib26i2c_bus_bit_banged_scl_sda10write_stopEv
                0x0000000000001c78       0x60 main.o
                0x0000000000001c78                hwlib::i2c_bus_bit_banged_scl_sda::write_stop()
 .text._ZN5hwlib26i2c_bus_bit_banged_scl_sda11write_startEv
                0x0000000000001cd8       0x34 main.o
                0x0000000000001cd8                hwlib::i2c_bus_bit_banged_scl_sda::write_start()
 .text._ZN5hwlib26i2c_bus_bit_banged_scl_sda8read_bitEv
                0x0000000000001d0c       0x68 main.o
                0x0000000000001d0c                hwlib::i2c_bus_bit_banged_scl_sda::read_bit()
 .text._ZN5hwlib26i2c_bus_bit_banged_scl_sda9write_bitEb
                0x0000000000001d74       0x52 main.o
                0x0000000000001d74                hwlib::i2c_bus_bit_banged_scl_sda::write_bit(bool)
 .text._ZN5hwlib13xy_iterator_tppEv
                0x0000000000001dc6       0x18 main.o
                0x0000000000001dc6                hwlib::xy_iterator_t::operator++()
 .text._ZN5hwlib13terminal_from19putc_implementationEc
                0x0000000000001dde      0x102 main.o
                0x0000000000001dde                hwlib::terminal_from::putc_implementation(char)
 .text._ZN4rtos7channelItLi10EE4readEv.part.25
                0x0000000000001ee0       0x28 main.o
 .text._ZN5hwlib21i2c_write_transactionC2ERNS_14i2c_primitivesEj
                0x0000000000001f08       0x24 main.o
                0x0000000000001f08                hwlib::i2c_write_transaction::i2c_write_transaction(hwlib::i2c_primitives&, unsigned int)
                0x0000000000001f08                hwlib::i2c_write_transaction::i2c_write_transaction(hwlib::i2c_primitives&, unsigned int)
 .text._ZN5hwlib21i2c_write_transaction5writeEPKhj
                0x0000000000001f2c        0x8 main.o
                0x0000000000001f2c                hwlib::i2c_write_transaction::write(unsigned char const*, unsigned int)
 .text._ZN5hwlib21i2c_write_transactionD2Ev
                0x0000000000001f34       0x18 main.o
                0x0000000000001f34                hwlib::i2c_write_transaction::~i2c_write_transaction()
                0x0000000000001f34                hwlib::i2c_write_transaction::~i2c_write_transaction()
 .text._ZN5hwlib11ssd1306_i2c7commandENS_16ssd1306_commandsEhh
                0x0000000000001f4c       0x3c main.o
                0x0000000000001f4c                hwlib::ssd1306_i2c::command(hwlib::ssd1306_commands, unsigned char, unsigned char)
 .text._ZN5hwlib29glcd_oled_i2c_128x64_buffered5flushEv
                0x0000000000001f88       0x58 main.o
                0x0000000000001f88                hwlib::glcd_oled_i2c_128x64_buffered::flush()
 .text._ZN3due6pin_inC2ENS_4pinsE
                0x0000000000001fe0       0x34 main.o
                0x0000000000001fe0                due::pin_in::pin_in(due::pins)
                0x0000000000001fe0                due::pin_in::pin_in(due::pins)
 .text._ZN3due6pin_ocC2ENS_4pinsE
                0x0000000000002014       0x34 main.o
                0x0000000000002014                due::pin_oc::pin_oc(due::pins)
                0x0000000000002014                due::pin_oc::pin_oc(due::pins)
 .text._ZN4rtos8waitable3setEv
                0x0000000000002048        0xa main.o
                0x0000000000002048                rtos::waitable::set()
 .text._ZN19RegistrationControl13ButtonPressedEc
                0x0000000000002052       0x38 main.o
                0x0000000000002052                RegistrationControl::ButtonPressed(char)
 .text._ZN13LeaderControl13ButtonPressedEc
                0x000000000000208a       0x38 main.o
                0x000000000000208a                LeaderControl::ButtonPressed(char)
 *fill*         0x00000000000020c2        0x2 
 .text._ZN4rtos8callbackD2Ev
                0x00000000000020c4       0x30 main.o
                0x00000000000020c4                rtos::callback::~callback()
                0x00000000000020c4                rtos::callback::~callback()
 .text._ZN4rtos9task_base4waitERKNS_8waitableE
                0x00000000000020f4       0x10 main.o
                0x00000000000020f4                rtos::task_base::wait(rtos::waitable const&)
 .text.startup._ZN7Display4mainEv
                0x0000000000002104      0x128 main.o
                0x0000000000002104                Display::main()
 .text.startup._ZN11TimeControl4mainEv
                0x000000000000222c       0xac main.o
                0x000000000000222c                TimeControl::main()
 .text.startup._ZN14SignalDetector4mainEv
                0x00000000000022d8       0x88 main.o
                0x00000000000022d8                SignalDetector::main()
 .text._ZN16IRmessageControl11sentmessageEt
                0x0000000000002360       0x7e main.o
                0x0000000000002360                IRmessageControl::sentmessage(unsigned short)
 *fill*         0x00000000000023de        0x2 
 .text._ZN4rtos4taskILi4096EEC2EjPKc
                0x00000000000023e0       0x54 main.o
                0x00000000000023e0                rtos::task<4096>::task(unsigned int, char const*)
                0x00000000000023e0                rtos::task<4096>::task(unsigned int, char const*)
 .text.startup.main
                0x0000000000002434      0x814 main.o
                0x0000000000002434                main
 .text._ZN4rtos7channelItLi10EE4readEv
                0x0000000000002c48       0x46 main.o
                0x0000000000002c48                rtos::channel<unsigned short, 10>::read()
 .text.startup._ZN16IRmessageControl4mainEv
                0x0000000000002c8e       0x2a main.o
                0x0000000000002c8e                IRmessageControl::main()
 .text.startup._ZN12ScoreControl4mainEv
                0x0000000000002cb8       0xdc main.o
                0x0000000000002cb8                ScoreControl::main()
 .text._ZN4rtos7channelItLi10EE5writeEt
                0x0000000000002d94       0x32 main.o
                0x0000000000002d94                rtos::channel<unsigned short, 10>::write(unsigned short)
 *fill*         0x0000000000002dc6        0x2 
 .text.startup._ZN11MSGverifier4mainEv
                0x0000000000002dc8      0x140 main.o
                0x0000000000002dc8                MSGverifier::main()
 .text._ZN4rtos7channelIcLi16EE4readEv
                0x0000000000002f08       0x46 main.o
                0x0000000000002f08                rtos::channel<char, 16>::read()
 .text._ZN4rtos7channelItLi4EE4readEv
                0x0000000000002f4e       0x46 main.o
                0x0000000000002f4e                rtos::channel<unsigned short, 4>::read()
 .text.startup._ZN19RegistrationControl4mainEv
                0x0000000000002f94      0x128 main.o
                0x0000000000002f94                RegistrationControl::main()
 .text._ZN19RegistrationControl4mainEv
                0x00000000000030bc        0x8 main.o
                0x00000000000030bc                non-virtual thunk to RegistrationControl::main()
 .text._ZN4rtos7channelIiLi94EE4readEv
                0x00000000000030c4       0x46 main.o
                0x00000000000030c4                rtos::channel<int, 94>::read()
 .text.startup._ZN10MSGdecoder4mainEv
                0x000000000000310a       0xce main.o
                0x000000000000310a                MSGdecoder::main()
 .text._ZN5hwlib6keypadILi16EE7pressedEv
                0x00000000000031d8       0x78 main.o
                0x00000000000031d8                hwlib::keypad<16>::pressed()
 .text._ZN5hwlib6keypadILi16EE14char_availableEv
                0x0000000000003250       0x4a main.o
                0x0000000000003250                hwlib::keypad<16>::char_available()
 .text.startup._ZN6Keypad4mainEv
                0x000000000000329a       0x4c main.o
                0x000000000000329a                Keypad::main()
 .text._ZN4rtos7channelIcLi4EE4readEv
                0x00000000000032e6       0x46 main.o
                0x00000000000032e6                rtos::channel<char, 4>::read()
 .text.startup._ZN13LeaderControl4mainEv
                0x000000000000332c      0x178 main.o
                0x000000000000332c                LeaderControl::main()
 .text._ZN13LeaderControl4mainEv
                0x00000000000034a4        0x8 main.o
                0x00000000000034a4                non-virtual thunk to LeaderControl::main()
 .text.__startup
                0x00000000000034ac       0x48 bmptk_cortex.o
                0x00000000000034ac                __startup
 .text.__cxa_pure_virtual
                0x00000000000034f4        0x2 bmptk_cortex.o
                0x00000000000034f4                __cxa_pure_virtual
 *fill*         0x00000000000034f6        0x2 
 .text.malloc   0x00000000000034f8       0x24 bmptk_heap_bmptk.o
                0x00000000000034f8                malloc
 .text          0x000000000000351c       0xa0 /usr/bin/../lib/gcc/arm-none-eabi/7.3.1/thumb/v7-m/libgcc.a(_aeabi_ldivmod.o)
                0x000000000000351c                __aeabi_ldivmod
 .text          0x00000000000035bc       0x30 /usr/bin/../lib/gcc/arm-none-eabi/7.3.1/thumb/v7-m/libgcc.a(_aeabi_uldivmod.o)
                0x00000000000035bc                __aeabi_uldivmod
 .text          0x00000000000035ec      0x2d0 /usr/bin/../lib/gcc/arm-none-eabi/7.3.1/thumb/v7-m/libgcc.a(_udivmoddi4.o)
                0x00000000000035ec                __udivmoddi4
 .text          0x00000000000038bc        0x4 /usr/bin/../lib/gcc/arm-none-eabi/7.3.1/thumb/v7-m/libgcc.a(_dvmd_tls.o)
                0x00000000000038bc                __aeabi_ldiv0
 .text.memset   0x00000000000038c0       0x94 /usr/bin/../lib/gcc/arm-none-eabi/7.3.1/../../../../arm-none-eabi/lib/thumb/v7-m/libc.a(lib_a-memset.o)
                0x00000000000038c0                memset
                0x0000000000003954                . = ALIGN (0x4)
 *(.glue_7t .glue_7)
 .glue_7        0x0000000000003954        0x0 linker stubs
 .glue_7t       0x0000000000003954        0x0 linker stubs
                0x0000000000003954                . = ALIGN (0x4)
 *(.rodata .rodata.* .gnu.linkonce.r.*)
 .rodata._ZN3due8pin_infoENS_4pinsE.str1.1
                0x0000000000003954       0x33 shootcontrol.o
 *fill*         0x0000000000003987        0x1 
 .rodata._ZTV12ShootControl
                0x0000000000003988       0x14 shootcontrol.o
                0x0000000000003988                vtable for ShootControl
 .rodata._ZZN3due8pin_infoENS_4pinsEE14pin_info_array
                0x000000000000399c       0xa4 shootcontrol.o
 .rodata._ZTVN4rtos8waitableE
                0x0000000000003a40        0xc rtos.o
                0x0000000000003a40                vtable for rtos::waitable
 .rodata._ZTVN4rtos4flagE
                0x0000000000003a4c        0xc rtos.o
                0x0000000000003a4c                vtable for rtos::flag
 .rodata._ZTVN4rtos8callbackE
                0x0000000000003a58       0x10 rtos.o
                0x0000000000003a58                vtable for rtos::callback
 .rodata._ZTVN4rtos12channel_baseE
                0x0000000000003a68        0xc rtos.o
                0x0000000000003a68                vtable for rtos::channel_base
 .rodata._Z15task_trampolinev.str1.1
                0x0000000000003a74       0x2e rtos.o
 .rodata._ZN4rtos12waitable_set17waitable_allocateEv.str1.1
                0x0000000000003aa2       0x1b rtos.o
 .rodata._ZN4rtos3addEPNS_9task_baseE.str1.1
                0x0000000000003abd       0x2e rtos.o
 .rodata._ZN4rtos4beatEv.str1.1
                0x0000000000003aeb       0x3e rtos.o
 .rodata._ZN4rtos5printERN5hwlib7ostreamE.str1.1
                0x0000000000003b29       0x83 rtos.o
 .rodata._ZN4rtos9task_base5blockEv.str1.1
                0x0000000000003bac       0x49 rtos.o
                                         0x4b (size before relaxing)
 .rodata._ZN4rtos9task_baseC2ER9coroutineILl0EEjPKc.str1.1
                0x0000000000003bf5        0x8 rtos.o
 .rodata._ZNK4rtos12channel_base5printERN5hwlib7ostreamEb.str1.1
                0x0000000000003bfd       0x23 rtos.o
 .rodata._ZNK4rtos12mailbox_base5printERN5hwlib7ostreamEb.str1.1
                0x0000000000003c20       0x1b rtos.o
 .rodata._ZNK4rtos4flag5printERN5hwlib7ostreamEb.str1.1
                0x0000000000003c3b       0x1e rtos.o
 .rodata._ZNK4rtos5clock5printERN5hwlib7ostreamEb.str1.1
                0x0000000000003c59       0x1d rtos.o
 .rodata._ZNK4rtos5eventeqERKS0_.str1.1
                0x0000000000003c76       0x21 rtos.o
 .rodata._ZNK4rtos5eventplERKS0_.str1.1
                0x0000000000003c97       0x1e rtos.o
 .rodata._ZNK4rtos5mutex5printERN5hwlib7ostreamEb.str1.1
                0x0000000000003cb5       0x29 rtos.o
 .rodata._ZNK4rtos5timer5printERN5hwlib7ostreamEb.str1.1
                0x0000000000003cde       0x13 rtos.o
 .rodata._ZNK4rtos9pool_base5printERN5hwlib7ostreamEb.str1.1
                0x0000000000003cf1       0x10 rtos.o
 .rodata._ZNK4rtos9task_base5printERN5hwlib7ostreamEb.str1.1
                0x0000000000003d01       0x39 rtos.o
 *fill*         0x0000000000003d3a        0x2 
 .rodata._ZTVN4rtos5clockE
                0x0000000000003d3c       0x20 rtos.o
                0x0000000000003d3c                vtable for rtos::clock
 .rodata._ZTVN4rtos5timerE
                0x0000000000003d5c       0x24 rtos.o
                0x0000000000003d5c                vtable for rtos::timer
 .rodata._ZTVN4rtos9task_baseE
                0x0000000000003d80       0x14 rtos.o
                0x0000000000003d80                vtable for rtos::task_base
 .rodata._ZTVN5hwlib14pin_in_dummy_tE
                0x0000000000003d94       0x10 hwlib.o
                0x0000000000003d94                vtable for hwlib::pin_in_dummy_t
 .rodata._ZTVN5hwlib14pin_oc_dummy_tE
                0x0000000000003da4       0x18 hwlib.o
                0x0000000000003da4                vtable for hwlib::pin_oc_dummy_t
 .rodata._ZTVN5hwlib19port_in_from_pins_tE
                0x0000000000003dbc       0x14 hwlib.o
                0x0000000000003dbc                vtable for hwlib::port_in_from_pins_t
 .rodata._ZTVN5hwlib19port_oc_from_pins_tE
                0x0000000000003dd0       0x1c hwlib.o
                0x0000000000003dd0                vtable for hwlib::port_oc_from_pins_t
 .rodata._ZTVN5hwlib21port_direct_from_in_tE
                0x0000000000003dec       0x14 hwlib.o
                0x0000000000003dec                vtable for hwlib::port_direct_from_in_t
 .rodata._ZTVN5hwlib21port_direct_from_oc_tE
                0x0000000000003e00       0x1c hwlib.o
                0x0000000000003e00                vtable for hwlib::port_direct_from_oc_t
 .rodata._ZTVN5hwlib20cout_using_uart_putcE
                0x0000000000003e1c       0x10 hwlib.o
                0x0000000000003e1c                vtable for hwlib::cout_using_uart_putc
 .rodata._ZTVN5hwlib9image_8x8E
                0x0000000000003e2c        0xc hwlib.o
                0x0000000000003e2c                vtable for hwlib::image_8x8
 .rodata._ZTVN5hwlib14image_invert_tE
                0x0000000000003e38        0xc hwlib.o
                0x0000000000003e38                vtable for hwlib::image_invert_t
 .rodata._ZN5hwlib16font_default_8x86imagesE
                0x0000000000003e44      0xa00 hwlib.o
                0x0000000000003e44                hwlib::font_default_8x8::images
 .rodata._ZN5hwlibL5blackE
                0x0000000000004844        0x4 hwlib.o
 .rodata._ZN5hwlibL5whiteE
                0x0000000000004848        0x4 hwlib.o
 .rodata._ZTVN5hwlib26i2c_bus_bit_banged_scl_sdaE
                0x000000000000484c       0x34 main.o
                0x000000000000484c                vtable for hwlib::i2c_bus_bit_banged_scl_sda
 .rodata._ZTVN5hwlib13terminal_fromE
                0x0000000000004880       0x20 main.o
                0x0000000000004880                vtable for hwlib::terminal_from
 .rodata._ZTVN5hwlib16font_default_8x8E
                0x00000000000048a0        0xc main.o
                0x00000000000048a0                vtable for hwlib::font_default_8x8
 .rodata._ZTVN5hwlib29glcd_oled_i2c_128x64_bufferedE
                0x00000000000048ac       0x18 main.o
                0x00000000000048ac                vtable for hwlib::glcd_oled_i2c_128x64_buffered
 .rodata._ZTVN3due6pin_inE
                0x00000000000048c4       0x10 main.o
                0x00000000000048c4                vtable for due::pin_in
 .rodata._ZTVN3due6pin_ocE
                0x00000000000048d4       0x18 main.o
                0x00000000000048d4                vtable for due::pin_oc
 .rodata._ZTV14KeypadListener
                0x00000000000048ec        0xc main.o
                0x00000000000048ec                vtable for KeypadListener
 .rodata._ZTVN4rtos4taskILi4096EEE
                0x00000000000048f8       0x14 main.o
                0x00000000000048f8                vtable for rtos::task<4096>
 .rodata._ZTV7Display
                0x000000000000490c       0x14 main.o
                0x000000000000490c                vtable for Display
 .rodata._ZTVN5hwlib8d2_38kHzE
                0x0000000000004920       0x10 main.o
                0x0000000000004920                vtable for hwlib::d2_38kHz
 .rodata._ZTVN4rtos7channelItLi10EEE
                0x0000000000004930        0xc main.o
                0x0000000000004930                vtable for rtos::channel<unsigned short, 10>
 .rodata._ZTV16IRmessageControl
                0x000000000000493c       0x14 main.o
                0x000000000000493c                vtable for IRmessageControl
 .rodata._ZTV12ScoreControl
                0x0000000000004950       0x14 main.o
                0x0000000000004950                vtable for ScoreControl
 .rodata._ZTV11TimeControl
                0x0000000000004964       0x14 main.o
                0x0000000000004964                vtable for TimeControl
 .rodata._ZTVN4rtos7channelIcLi16EEE
                0x0000000000004978        0xc main.o
                0x0000000000004978                vtable for rtos::channel<char, 16>
 .rodata._ZTVN4rtos7channelItLi4EEE
                0x0000000000004984        0xc main.o
                0x0000000000004984                vtable for rtos::channel<unsigned short, 4>
 .rodata._ZTV19RegistrationControl
                0x0000000000004990       0x24 main.o
                0x0000000000004990                vtable for RegistrationControl
 .rodata._ZTVN4rtos7channelItLi30EEE
                0x00000000000049b4        0xc main.o
                0x00000000000049b4                vtable for rtos::channel<unsigned short, 30>
 .rodata._ZTV11MSGverifier
                0x00000000000049c0       0x14 main.o
                0x00000000000049c0                vtable for MSGverifier
 .rodata._ZTVN4rtos7channelIiLi94EEE
                0x00000000000049d4        0xc main.o
                0x00000000000049d4                vtable for rtos::channel<int, 94>
 .rodata._ZTV10MSGdecoder
                0x00000000000049e0       0x14 main.o
                0x00000000000049e0                vtable for MSGdecoder
 .rodata._ZTV14SignalDetector
                0x00000000000049f4       0x14 main.o
                0x00000000000049f4                vtable for SignalDetector
 .rodata._ZTV6Keypad
                0x0000000000004a08       0x14 main.o
                0x0000000000004a08                vtable for Keypad
 .rodata._ZTVN5hwlib6keypadILi16EEE
                0x0000000000004a1c       0x14 main.o
                0x0000000000004a1c                vtable for hwlib::keypad<16>
 .rodata._ZTVN4rtos7channelIcLi4EEE
                0x0000000000004a30        0xc main.o
                0x0000000000004a30                vtable for rtos::channel<char, 4>
 .rodata._ZTV13LeaderControl
                0x0000000000004a3c       0x24 main.o
                0x0000000000004a3c                vtable for LeaderControl
 .rodata._ZN11MSGverifier4mainEv.str1.1
                0x0000000000004a60       0x20 main.o
 .rodata._ZN12ScoreControl4mainEv.str1.1
                0x0000000000004a80       0x2d main.o
 .rodata._ZN13LeaderControl4mainEv.str1.1
                0x0000000000004aad       0x5b main.o
 .rodata._ZN19RegistrationControl4mainEv.str1.1
                0x0000000000004b08       0x5a main.o
 .rodata._ZN4rtos7channelItLi10EE4readEv.part.25.str1.1
                0x0000000000004b62       0x20 main.o
                                         0x34 (size before relaxing)
 .rodata._ZN4rtos8callbackD2Ev.str1.1
                0x0000000000004b82       0x21 main.o
 .rodata._ZN5hwlibL11unspecifiedE
                0x0000000000004ba3        0x4 main.o
 .rodata._ZN5hwlibL22ssd1306_initializationE
                0x0000000000004ba7       0x29 main.o
 .rodata._ZN7Display4mainEv.str1.1
                0x0000000000004bd0       0x54 main.o
 .rodata.main.str1.1
                0x0000000000004c24      0x1b8 main.o
                0x0000000000004ddc                . = ALIGN (0x4)
 *(.ARM.extab* .gnu.linkonce.armextab.*)
                0x0000000000004ddc                . = ALIGN (0x4)
 *(.gcc_except_table)
                0x0000000000004ddc                . = ALIGN (0x4)
 *(.eh_frame_hdr)
                0x0000000000004ddc                . = ALIGN (0x4)
 *(.eh_frame)
                0x0000000000004ddc                . = ALIGN (0x4)
                0x0000000000004ddc                __text_end = .
                [!provide]                        PROVIDE (__text_end = __text_end)

.vfp11_veneer   0x0000000000004ddc        0x0
 .vfp11_veneer  0x0000000000004ddc        0x0 linker stubs

.v4_bx          0x0000000000004ddc        0x0
 .v4_bx         0x0000000000004ddc        0x0 linker stubs

.iplt           0x0000000000004ddc        0x0
 .iplt          0x0000000000004ddc        0x0 shootcontrol.o

.IF_YOU_SEE_THIS_YOU_HAVE_ONE_OR_MORE_GLOBAL_OBJECT_CONSTRUCTORS
 *(.init)
 *(.preinit_array)
 *(SORT_BY_NAME(.init_array.*))
 *(.init_array)
                0x0000000000004ddc                . = ALIGN (0x4)
                0x0000000000004ddc                __exidx_start = .
                [!provide]                        PROVIDE (__exidx_start = __exidx_start)

.ARM.exidx      0x0000000000004ddc        0x8
 *(.ARM.exidx* .gnu.linkonce.armexidx.*)
 .ARM.exidx     0x0000000000004ddc        0x8 /usr/bin/../lib/gcc/arm-none-eabi/7.3.1/thumb/v7-m/libgcc.a(_udivmoddi4.o)

.rel.dyn        0x0000000000004de4        0x0
 .rel.iplt      0x0000000000004de4        0x0 shootcontrol.o
                0x0000000000004de4                . = ALIGN (0x4)
                0x0000000000004de4                __exidx_end = .
                [!provide]                        PROVIDE (__exidx_end = __exidx_end)

.bss            0x0000000020000000    0x1405c
                0x0000000020000000                . = ALIGN (0x4)
                0x0000000020000000                __stack_start = .
                [!provide]                        PROVIDE (__stack_start = __stack_start)
                0x0000000020000000                . = ALIGN (0x4)
 *(.bmptk_stack)
 .bmptk_stack   0x0000000020000000    0x14000 bmptk_fixed_size_stack.o
                0x0000000020000000                bmptk_stack
                0x0000000020014000                . = ALIGN (0x8)
                0x0000000020014000                __main_stack_end = .
                [!provide]                        PROVIDE (__main_stack_end = __main_stack_end)
                0x0000000020014000                . = ALIGN (0x4)
                0x0000000020014000                __stack_end = .
                [!provide]                        PROVIDE (__stack_end = __stack_end)
                0x0000000020014000                . = ALIGN (0x4)
                0x0000000020014000                __bss_start = .
                [!provide]                        PROVIDE (__bss_start = __bss_start)
                0x0000000020014000                . = ALIGN (0x4)
 *(.bss .bss.* .gnu.linkonce.b.*)
 .bss._ZZN3due9now_ticksEvE4high
                0x0000000020014000        0x8 shootcontrol.o
 .bss._ZZN3due9now_ticksEvE8last_low
                0x0000000020014008        0x4 shootcontrol.o
 .bss._ZZN3due9now_ticksEvE9init_done
                0x000000002001400c        0x1 shootcontrol.o
 *fill*         0x000000002001400d        0x3 
 .bss._ZN17coroutine_context7main_spE
                0x0000000020014010        0x4 coroutine.o
                0x0000000020014010                coroutine_context::main_sp
 .bss._ZN4rtos10must_clearE
                0x0000000020014014        0x1 rtos.o
                0x0000000020014014                rtos::must_clear
 *fill*         0x0000000020014015        0x3 
 .bss._ZN4rtos17rtos_current_taskE
                0x0000000020014018        0x4 rtos.o
                0x0000000020014018                rtos::rtos_current_task
 .bss._ZN4rtos17scheduler_runningE
                0x000000002001401c        0x1 rtos.o
                0x000000002001401c                rtos::scheduler_running
 *fill*         0x000000002001401d        0x3 
 .bss._ZN4rtos5flagsE
                0x0000000020014020        0x4 rtos.o
                0x0000000020014020                rtos::flags
 .bss._ZN4rtos5poolsE
                0x0000000020014024        0x4 rtos.o
                0x0000000020014024                rtos::pools
 .bss._ZN4rtos6clocksE
                0x0000000020014028        0x4 rtos.o
                0x0000000020014028                rtos::clocks
 .bss._ZN4rtos6timersE
                0x000000002001402c        0x4 rtos.o
                0x000000002001402c                rtos::timers
 .bss._ZN4rtos7mutexesE
                0x0000000020014030        0x4 rtos.o
                0x0000000020014030                rtos::mutexes
 .bss._ZN4rtos8channelsE
                0x0000000020014034        0x4 rtos.o
                0x0000000020014034                rtos::channels
 .bss._ZN4rtos8taskListE
                0x0000000020014038        0x4 rtos.o
                0x0000000020014038                rtos::taskList
 .bss._ZN4rtos9mailboxesE
                0x000000002001403c        0x4 rtos.o
                0x000000002001403c                rtos::mailboxes
 .bss._ZN4rtos9timerListE
                0x0000000020014040        0x4 rtos.o
                0x0000000020014040                rtos::timerList
 *fill*         0x0000000020014044        0x4 
 .bss.last_run_time
                0x0000000020014048        0x8 rtos.o
                0x0000000020014048                last_run_time
 .bss._ZN5hwlib10background5firstE
                0x0000000020014050        0x4 hwlib.o
                0x0000000020014050                hwlib::background::first
 .bss._ZN5hwlib10background7currentE
                0x0000000020014054        0x4 hwlib.o
                0x0000000020014054                hwlib::background::current
 .bss._ZN5hwlib10background7runningE
                0x0000000020014058        0x1 hwlib.o
                0x0000000020014058                hwlib::background::running
 .bss._ZZN3due9uart_initEvE9init_done
                0x0000000020014059        0x1 hwlib.o
                0x000000002001405c                . = ALIGN (0x4)
 *fill*         0x000000002001405a        0x2 
 *(COMMON)
                0x000000002001405c                . = ALIGN (0x4)
                0x000000002001405c                __bss_end = .
                [!provide]                        PROVIDE (__bss_end = __bss_end)

.data           0x000000002001405c       0x30 load address 0x0000000000004de4
                0x000000002001405c                . = ALIGN (0x4)
                0x0000000000004de4                __data_init_start = LOADADDR (.data)
                [!provide]                        PROVIDE (__data_init_start = __data_init_start)
                0x000000002001405c                __data_start = .
                [!provide]                        PROVIDE (__data_start = __data_start)
                0x000000002001405c                . = ALIGN (0x4)
 *(.data .data.* .gnu.linkonce.d.*)
 .data._ZN6sam3xa15SystemCoreClockE
                0x000000002001405c        0x4 shootcontrol.o
                0x000000002001405c                sam3xa::SystemCoreClock
 .data._ZN17coroutine_context24current_coroutine_sp_ptrE
                0x0000000020014060        0x4 coroutine.o
                0x0000000020014060                coroutine_context::current_coroutine_sp_ptr
 .data._ZN3due7hw_uartE
                0x0000000020014064        0x4 hwlib.o
                0x0000000020014064                due::hw_uart
 .data._ZN5hwlib12pin_in_dummyE
                0x0000000020014068        0x4 hwlib.o
                0x0000000020014068                hwlib::pin_in_dummy
 .data._ZN5hwlib12pin_oc_dummyE
                0x000000002001406c        0x4 hwlib.o
                0x000000002001406c                hwlib::pin_oc_dummy
 .data._ZN5hwlib4coutE
                0x0000000020014070       0x14 hwlib.o
                0x0000000020014070                hwlib::cout
 .data._first_free
                0x0000000020014084        0x4 bmptk_heap_bmptk.o
                0x0000000020014084                _first_free
 .data._last_free
                0x0000000020014088        0x4 bmptk_heap_bmptk.o
                0x0000000020014088                _last_free
                0x000000002001408c                . = ALIGN (0x4)
                0x000000002001408c                __data_end = .
                [!provide]                        PROVIDE (__data_end = __data_end)
                0x0000000000004de4                __data_init_end = LOADADDR (.data)
                [!provide]                        PROVIDE (__data_init_end = __data_init_end)
                [!provide]                        PROVIDE (__data_size = (__data_end - __data_start))
                [!provide]                        PROVIDE (__data_init_size = __data_size)
                [!provide]                        PROVIDE (__data_init_end = (__data_init_start + __data_init_size))

.igot.plt       0x000000002001408c        0x0 load address 0x0000000000004e14
 .igot.plt      0x000000002001408c        0x0 shootcontrol.o
                0x000000002001408c                . = ALIGN (0x4)
                0x000000002001408c                __heap_start = .
                [!provide]                        PROVIDE (__heap_start = __heap_start)
                0x000000002001408c                . = ALIGN (0x4)
                0x0000000020018000                __heap_end = __ram_end
                [!provide]                        PROVIDE (__heap_end = __heap_end)

.stab
 *(.stab)

.stabstr
 *(.stabstr)

.debug
 *(.debug)

.line
 *(.line)

.debug_srcinfo
 *(.debug_srcinfo)

.debug_sfnames
 *(.debug_sfnames)

.debug_aranges
 *(.debug_aranges)

.debug_pubnames
 *(.debug_pubnames)

.debug_info
 *(.debug_info .gnu.linkonce.wi.*)

.debug_abbrev
 *(.debug_abbrev)

.debug_line
 *(.debug_line)

.debug_frame    0x0000000000000000       0xdc
 *(.debug_frame)
 .debug_frame   0x0000000000000000       0x44 /usr/bin/../lib/gcc/arm-none-eabi/7.3.1/thumb/v7-m/libgcc.a(_aeabi_ldivmod.o)
 .debug_frame   0x0000000000000044       0x2c /usr/bin/../lib/gcc/arm-none-eabi/7.3.1/thumb/v7-m/libgcc.a(_aeabi_uldivmod.o)
 .debug_frame   0x0000000000000070       0x34 /usr/bin/../lib/gcc/arm-none-eabi/7.3.1/thumb/v7-m/libgcc.a(_udivmoddi4.o)
 .debug_frame   0x00000000000000a4       0x38 /usr/bin/../lib/gcc/arm-none-eabi/7.3.1/../../../../arm-none-eabi/lib/thumb/v7-m/libc.a(lib_a-memset.o)

.comment        0x0000000000000000       0x7f
 .comment       0x0000000000000000       0x7f shootcontrol.o
                                         0x80 (size before relaxing)
 .comment       0x000000000000007f       0x80 coroutine.o
 .comment       0x000000000000007f       0x80 rtos.o
 .comment       0x000000000000007f       0x80 hwlib.o
 .comment       0x000000000000007f       0x80 main.o
 .comment       0x000000000000007f       0x80 bmptk_cortex.o
 .comment       0x000000000000007f       0x80 bmptk_heap_bmptk.o
 .comment       0x000000000000007f       0x80 bmptk_fixed_size_stack.o

.debug_str
 *(.debug_str)

.debug_loc
 *(.debug_loc)

.debug_macinfo
 *(.debug_macinfo)

.debug_weaknames
 *(.debug_weaknames)

.debug_funcnames
 *(.debug_funcnames)

.debug_typenames
 *(.debug_typenames)

.debug_varnames
 *(.debug_varnames)

.note.gnu.arm.ident
 *(.note.gnu.arm.ident)

.ARM.attributes
                0x0000000000000000       0x31
 *(.ARM.attributes)
 .ARM.attributes
                0x0000000000000000       0x33 shootcontrol.o
 .ARM.attributes
                0x0000000000000033       0x21 switch_to.o
 .ARM.attributes
                0x0000000000000054       0x33 coroutine.o
 .ARM.attributes
                0x0000000000000087       0x33 rtos.o
 .ARM.attributes
                0x00000000000000ba       0x33 hwlib.o
 .ARM.attributes
                0x00000000000000ed       0x33 main.o
 .ARM.attributes
                0x0000000000000120       0x33 bmptk_cortex.o
 .ARM.attributes
                0x0000000000000153       0x33 bmptk_heap_bmptk.o
 .ARM.attributes
                0x0000000000000186       0x33 bmptk_fixed_size_stack.o
 .ARM.attributes
                0x00000000000001b9       0x1d /usr/bin/../lib/gcc/arm-none-eabi/7.3.1/thumb/v7-m/libgcc.a(_aeabi_ldivmod.o)
 .ARM.attributes
                0x00000000000001d6       0x1d /usr/bin/../lib/gcc/arm-none-eabi/7.3.1/thumb/v7-m/libgcc.a(_aeabi_uldivmod.o)
 .ARM.attributes
                0x00000000000001f3       0x2d /usr/bin/../lib/gcc/arm-none-eabi/7.3.1/thumb/v7-m/libgcc.a(_udivmoddi4.o)
 .ARM.attributes
                0x0000000000000220       0x1d /usr/bin/../lib/gcc/arm-none-eabi/7.3.1/thumb/v7-m/libgcc.a(_dvmd_tls.o)
 .ARM.attributes
                0x000000000000023d       0x2d /usr/bin/../lib/gcc/arm-none-eabi/7.3.1/../../../../arm-none-eabi/lib/thumb/v7-m/libc.a(lib_a-memset.o)

/DISCARD/
 *(.note.GNU-stack)
                [!provide]                        PROVIDE (__text_size = (__text_end - __text_start))
                [!provide]                        PROVIDE (__exidx_size = (__exidx_end - __exidx_start))
                [!provide]                        PROVIDE (__bss_size = (__bss_end - __bss_start))
                [!provide]                        PROVIDE (__stack_size = (__stack_end - __stack_start))
                [!provide]                        PROVIDE (__heap_size = (__heap_end - __heap_start))
OUTPUT(main.elf elf32-littlearm)
